// Jest Snapshot v1, https://goo.gl/fbAQLP

exports[`renders correctly 1`] = `
<div>
  <div
    className={undefined}
  >
    <div
      className={undefined}
    >
      <img
        alt="logo"
        className={undefined}
        src="logo.png"
      />
      <div
        className={undefined}
      >
        Chatting
      </div>
    </div>
  </div>
  <p>
    some children
  </p>
</div>
`;
