// Jest Snapshot v1, https://goo.gl/fbAQLP

exports[`renders correctly 1`] = `
<div
  className="Header"
>
  <div
    className="HeaderContent"
  >
    <img
      alt="logo"
      className="HeaderLogo"
      src="logo.png"
    />
    <div
      className="HeaderTitle"
    >
      Chatting
    </div>
  </div>
</div>
`;
